[backblue.gif]
[fade.gif]
[index.html]
[www.doniasamirghanem.com/js/modernizr.custom.85650.js]
[www.doniasamirghanem.com/images/icons/favicon.ico]
[www.doniasamirghanem.com/images/icons/apple-touch-icon.png]
[www.doniasamirghanem.com/images/icons/apple-touch-icon-72x72.png]
[www.doniasamirghanem.com/images/icons/apple-touch-icon-114x114.png]
[vjs.zencdn.net/c/video-js.css]
[vjs.zencdn.net/c/video.js]
[www.doniasamirghanem.com/images/logo/logo.png]
[www.doniasamirghanem.com/ff.png]
[www.doniasamirghanem.com/tt.png]
[www.doniasamirghanem.com/gg.png]
[www.doniasamirghanem.com/yy.png]
[www.doniasamirghanem.com/images/fpo/backgrounds/bg-01.jpg]
[www.doniasamirghanem.com/images/fpo/backgrounds/bg-02.jpg]
[www.doniasamirghanem.com/images/fpo/backgrounds/bg-03.jpg]
[www.doniasamirghanem.com/images/fpo/backgrounds/bg-04.jpg]
[ajax.googleapis.com/ajax/libs/jquery/1.9.1/jquery.min.js]
[www.doniasamirghanem.com/js/vendor/jquery-1.9.1.min.js]
[www.doniasamirghanem.com/js/plugins.js]
[www.doniasamirghanem.com/js/main.js]
[www.doniasamirghanem.com/index.html]
[www.doniasamirghanem.com/css/normalize.css]
[www.doniasamirghanem.com/images/icons/glyphicons-halflings.png]
[www.doniasamirghanem.com/images/icons/glyphicons-halflings-white.png]
[www.doniasamirghanem.com/css/bootstrap.min.css]
[www.doniasamirghanem.com/css/bootstrap-responsive.css]
[www.doniasamirghanem.com/css/font/fontelloee1b.eot]
[www.doniasamirghanem.com/css/font/fontelloee1b.woff]
[www.doniasamirghanem.com/css/font/fontelloee1b.ttf]
[www.doniasamirghanem.com/css/font/fontello.css]
[www.doniasamirghanem.com/images/icons/social-icons.png]
[www.doniasamirghanem.com/images/fpo/backgrounds/bg-05.jpg]
[www.doniasamirghanem.com/images/fpo/band/band-01.jpg]
[www.doniasamirghanem.com/images/fpo/band/band-02.jpg]
[www.doniasamirghanem.com/images/fpo/band/band-03.jpg]
[www.doniasamirghanem.com/images/icons/stream-sprites.png]
[www.doniasamirghanem.com/images/icons/blog-slider-sprite.png]
[www.doniasamirghanem.com/images/icons/text-slider-sprite.png]
[www.doniasamirghanem.com/images/icons/glass.png]
[www.doniasamirghanem.com/images/icons/accordion-sprite.png]
[www.doniasamirghanem.com/images/icons/prev.png]
[www.doniasamirghanem.com/images/icons/next.png]
[www.doniasamirghanem.com/images/tab.gif]
[www.doniasamirghanem.com/images/tab_rol.gif]
[www.doniasamirghanem.com/images/slider_hover.gif]
[www.doniasamirghanem.com/images/time1.png]
[www.doniasamirghanem.com/css/style.css]
[www.doniasamirghanem.com/google_analytics_auto.html]
[vjs.zencdn.net/c/video-js.png]
[vjs.zencdn.net/c/video-js.css]
[www.doniasamirghanem.com/index-2.html]
[www.doniasamirghanem.com/images/bk.png]
[www.doniasamirghanem.com/js/jquery.bxslider.min.js]
[www.doniasamirghanem.com/js/bootstrap.min.js]
[www.doniasamirghanem.com/biography.html]
[www.doniasamirghanem.com/data/donia wahda.jpg]
[www.doniasamirghanem.com/data/mesh 2dra asd2 3enaya.jpg]
[www.doniasamirghanem.com/data/la targo3.jpg]
[www.doniasamirghanem.com/data/dawar benafsk.jpg]
[www.doniasamirghanem.com/data/el 7elm.jpg]
[www.doniasamirghanem.com/data/masa2 el gamal.jpg]
[www.doniasamirghanem.com/discography.html]
[www.doniasamirghanem.com/images/lahfa_icon.jpg]
[www.doniasamirghanem.com/data/lel 3adala.jpg]
[www.doniasamirghanem.com/data/Zaman 3emad El Diean.jpg]
[www.doniasamirghanem.com/data/3azbet adam.jpg]
[www.doniasamirghanem.com/data/a7alm el bannt.jpg]
[www.doniasamirghanem.com/data/A7zan mariam.jpg]
[www.doniasamirghanem.com/data/Man Aatlaq Al Rosas 3ala Hend 3allam,.jpg]
[www.doniasamirghanem.com/data/cafe chino.jpg]
[www.doniasamirghanem.com/data/keber1.jpg]
[www.doniasamirghanem.com/data/kebeer2.jpg]
[www.doniasamirghanem.com/data/kebeer3.jpg]
[www.doniasamirghanem.com/data/essam w el mosba7.jpg]
[www.doniasamirghanem.com/data/Amir w ra7lt el asater.jpg]
[www.doniasamirghanem.com/data/ya ana ya 5alty.jpg]
[www.doniasamirghanem.com/data/shar3 18.jpg]
[www.doniasamirghanem.com/data/cabareh.jpg]
[www.doniasamirghanem.com/data/el farah.jpg]
[www.doniasamirghanem.com/data/Teer enta.jpg]
[www.doniasamirghanem.com/data/365 youm.jpg]
[www.doniasamirghanem.com/data/Xlarge.jpg]
[www.doniasamirghanem.com/data/etisalat 2010.jpg]
[www.doniasamirghanem.com/data/pepsi 2011.jpg]
[www.doniasamirghanem.com/data/pepsi 2012.jpg]
[www.doniasamirghanem.com/filmography.html]
[www.doniasamirghanem.com/img/album/Untitled-1 dodoy.jpg]
[www.doniasamirghanem.com/img/album/392 copy.jpg]
[www.doniasamirghanem.com/img/album/main.jpg]
[www.doniasamirghanem.com/img/album/Main11.jpg]
[www.doniasamirghanem.com/gallery.html]
[www.doniasamirghanem.com/js/jquery-1.8.3.min.js]
[www.doniasamirghanem.com/js/jquery.royalslider.minf76d.js]
[img.youtube.com/vi/UX_Hk67hZvA/0.jpg]
[img.youtube.com/vi/XBSTgQjI69M/0.jpg]
[img.youtube.com/vi/csFgMq2tmTU/0.jpg]
[img.youtube.com/vi/9GaxI7Z0dsE/0.jpg]
[img.youtube.com/vi/F2badZl2pUU/0.jpg]
[img.youtube.com/vi/gGNx_Baozy8/0.jpg]
[img.youtube.com/vi/eqCGRI2Zsjw/0.jpg]
[img.youtube.com/vi/9p38Nqn9E88/0.jpg]
[img.youtube.com/vi/By-51_eRkdo/0.jpg]
[www.doniasamirghanem.com/b2.html]
[www.doniasamirghanem.com/contact.html]
[www.doniasamirghanem.com/css/font/fontelloee1b.svg]
[www.doniasamirghanem.com/css/img/pagination-bg.html]
[www.doniasamirghanem.com/images/icons/loading.gif]
[www.doniasamirghanem.com/css/jquery.bxslider.css]
[www.doniasamirghanem.com/img/gallery/21188-6.jpg]
[www.doniasamirghanem.com/imagerz7dc4.jpg]
[www.doniasamirghanem.com/img/gallery/63470-5.jpg]
[www.doniasamirghanem.com/imagerz369e.jpg]
[www.doniasamirghanem.com/img/gallery/71564-4.jpg]
[www.doniasamirghanem.com/imagerzdfe2.jpg]
[www.doniasamirghanem.com/img/gallery/45228-3.jpg]
[www.doniasamirghanem.com/imagerzc8ea.jpg]
[www.doniasamirghanem.com/img/gallery/71425-2.jpg]
[www.doniasamirghanem.com/imagerzbf8b.jpg]
[www.doniasamirghanem.com/img/gallery/85332-1.jpg]
[www.doniasamirghanem.com/imagerz25b4.jpg]
[www.doniasamirghanem.com/galleryin0b30.html]
[www.doniasamirghanem.com/img/gallery/31638-19.jpg]
[www.doniasamirghanem.com/imagerz073f.jpg]
[www.doniasamirghanem.com/img/gallery/80241-18.jpg]
[www.doniasamirghanem.com/imagerz8dac.jpg]
[www.doniasamirghanem.com/img/gallery/12042-17.jpg]
[www.doniasamirghanem.com/imagerzbb8e.jpg]
[www.doniasamirghanem.com/img/gallery/91897-16.jpg]
[www.doniasamirghanem.com/imagerzd69c.jpg]
[www.doniasamirghanem.com/img/gallery/5933-15.jpg]
[www.doniasamirghanem.com/imagerz8174.jpg]
[www.doniasamirghanem.com/img/gallery/42596-14.jpg]
[www.doniasamirghanem.com/imagerzaf9b.jpg]
[www.doniasamirghanem.com/img/gallery/92589-12.jpg]
[www.doniasamirghanem.com/imagerz5924.jpg]
[www.doniasamirghanem.com/img/gallery/19351-13.jpg]
[www.doniasamirghanem.com/imagerz352f.jpg]
[www.doniasamirghanem.com/img/gallery/51192-11.jpg]
[www.doniasamirghanem.com/imagerz457d.jpg]
[www.doniasamirghanem.com/img/gallery/93704-10.jpg]
[www.doniasamirghanem.com/imagerzd68e.jpg]
[www.doniasamirghanem.com/img/gallery/84740-9.jpg]
[www.doniasamirghanem.com/imagerz06c6.jpg]
[www.doniasamirghanem.com/img/gallery/41787-8.jpg]
[www.doniasamirghanem.com/imagerz3294.jpg]
[www.doniasamirghanem.com/img/gallery/7716-7.jpg]
[www.doniasamirghanem.com/imagerzd1cd.jpg]
[www.doniasamirghanem.com/img/gallery/44741-6.jpg]
[www.doniasamirghanem.com/imagerz4f3d.jpg]
[www.doniasamirghanem.com/img/gallery/63289-5.jpg]
[www.doniasamirghanem.com/imagerz1b55.jpg]
[www.doniasamirghanem.com/img/gallery/37786-4.jpg]
[www.doniasamirghanem.com/imagerz59cd.jpg]
[www.doniasamirghanem.com/img/gallery/21360-3.jpg]
[www.doniasamirghanem.com/imagerz84db.jpg]
[www.doniasamirghanem.com/img/gallery/46059-2.jpg]
[www.doniasamirghanem.com/imagerzf4ab.jpg]
[www.doniasamirghanem.com/img/gallery/44738-1.jpg]
[www.doniasamirghanem.com/imagerz778b.jpg]
[www.doniasamirghanem.com/galleryindcfd.html]
[www.doniasamirghanem.com/img/gallery/78398-111111111111.jpg]
[www.doniasamirghanem.com/imagerz7efc.jpg]
[www.doniasamirghanem.com/img/gallery/96490-11.jpg]
[www.doniasamirghanem.com/imagerzfd37.jpg]
[www.doniasamirghanem.com/img/gallery/36629-2.jpg]
[www.doniasamirghanem.com/imagerzcaae.jpg]
[www.doniasamirghanem.com/galleryin3a9f.html]
[www.doniasamirghanem.com/img/gallery/69842-44.jpg]
[www.doniasamirghanem.com/imagerz1cba.jpg]
[www.doniasamirghanem.com/img/gallery/21342-33.jpg]
[www.doniasamirghanem.com/imagerzbffb.jpg]
[www.doniasamirghanem.com/img/gallery/42681-22.jpg]
[www.doniasamirghanem.com/imagerzbe86.jpg]
[www.doniasamirghanem.com/img/gallery/42352-11.jpg]
[www.doniasamirghanem.com/imagerz3c76.jpg]
[www.doniasamirghanem.com/galleryin8803.html]
[www.doniasamirghanem.com/css/royalslider.css]
[www.doniasamirghanem.com/css/resete166.css]
[www.doniasamirghanem.com/css/rs-default.png]
[www.doniasamirghanem.com/css/rs-defaulte166.css]
[www.doniasamirghanem.com/mc.yandex.ru/metrika/watch.html]
[www.doniasamirghanem.com/css/images/controls.html]
[www.doniasamirghanem.com/css/grab.html]
[www.doniasamirghanem.com/css/grabbing.html]
[www.doniasamirghanem.com/css/blank.html]
[www.doniasamirghanem.com/preloaders/preloader-white.html]
